// Jest Snapshot v1, https://goo.gl/fbAQLP

exports[`components | app-header | index snapshot doit correspondre au snapshot existant 1`] = `
<WithStyles(ForwardRef(Button))
  className="HeaderMenuButton-button-1"
  color="primary"
  size="medium"
  variant="contained"
>
  <MenuIcon
    fontSize="small"
  />
  Â Info
</WithStyles(ForwardRef(Button))>
`;
