// Jest Snapshot v1, https://goo.gl/fbAQLP

exports[`components | connexion | mentions-legales-text snapshot doit correspondre avec les props requises 1`] = `
<MentionsLegales
  classes={
    Object {
      "link": "MentionsLegales-link-1",
      "mentionsLegales": "MentionsLegales-mentionsLegales-2",
    }
  }
/>
`;
