// Jest Snapshot v1, https://goo.gl/fbAQLP

exports[`components | login-popin-component snapshot doit correspondre quand le token est dans l'url 1`] = `
<div>
  <WithStyles(ForwardRef(IconButton))
    className="LoginPopinComponent-closeButton-1"
    onClick={[MockFunction]}
  >
    <CloseIcon
      fontSize="small"
    />
  </WithStyles(ForwardRef(IconButton))>
  <h1
    className="LoginPopinComponent-h1Style-2"
  >
    <Icon
      icon={
        Object {
          "body": "<path fill=\\"#DD2E44\\" d=\\"M11.626 7.488a1.413 1.413 0 0 0-.268.395l-.008-.008L.134 33.141l.011.011c-.208.403.14 1.223.853 1.937c.713.713 1.533 1.061 1.936.853l.01.01L28.21 24.735l-.008-.009c.147-.07.282-.155.395-.269c1.562-1.562-.971-6.627-5.656-11.313c-4.687-4.686-9.752-7.218-11.315-5.656z\\"/><path fill=\\"#EA596E\\" d=\\"M13 12L.416 32.506l-.282.635l.011.011c-.208.403.14 1.223.853 1.937c.232.232.473.408.709.557L17 17l-4-5z\\"/><path fill=\\"#A0041E\\" d=\\"M23.012 13.066c4.67 4.672 7.263 9.652 5.789 11.124c-1.473 1.474-6.453-1.118-11.126-5.788c-4.671-4.672-7.263-9.654-5.79-11.127c1.474-1.473 6.454 1.119 11.127 5.791z\\"/><path fill=\\"#AA8DD8\\" d=\\"M18.59 13.609a.99.99 0 0 1-.734.215c-.868-.094-1.598-.396-2.109-.873c-.541-.505-.808-1.183-.735-1.862c.128-1.192 1.324-2.286 3.363-2.066c.793.085 1.147-.17 1.159-.292c.014-.121-.277-.446-1.07-.532c-.868-.094-1.598-.396-2.11-.873c-.541-.505-.809-1.183-.735-1.862c.13-1.192 1.325-2.286 3.362-2.065c.578.062.883-.057 1.012-.134c.103-.063.144-.123.148-.158c.012-.121-.275-.446-1.07-.532a.998.998 0 0 1-.886-1.102a.997.997 0 0 1 1.101-.886c2.037.219 2.973 1.542 2.844 2.735c-.13 1.194-1.325 2.286-3.364 2.067c-.578-.063-.88.057-1.01.134c-.103.062-.145.123-.149.157c-.013.122.276.446 1.071.532c2.037.22 2.973 1.542 2.844 2.735c-.129 1.192-1.324 2.286-3.362 2.065c-.578-.062-.882.058-1.012.134c-.104.064-.144.124-.148.158c-.013.121.276.446 1.07.532a1 1 0 0 1 .52 1.773z\\"/><path fill=\\"#77B255\\" d=\\"M30.661 22.857c1.973-.557 3.334.323 3.658 1.478c.324 1.154-.378 2.615-2.35 3.17c-.77.216-1.001.584-.97.701c.034.118.425.312 1.193.095c1.972-.555 3.333.325 3.657 1.479c.326 1.155-.378 2.614-2.351 3.17c-.769.216-1.001.585-.967.702c.033.117.423.311 1.192.095a1 1 0 1 1 .54 1.925c-1.971.555-3.333-.323-3.659-1.479c-.324-1.154.379-2.613 2.353-3.169c.77-.217 1.001-.584.967-.702c-.032-.117-.422-.312-1.19-.096c-1.974.556-3.334-.322-3.659-1.479c-.325-1.154.378-2.613 2.351-3.17c.768-.215.999-.585.967-.701c-.034-.118-.423-.312-1.192-.096a1 1 0 1 1-.54-1.923z\\"/><path fill=\\"#AA8DD8\\" d=\\"M23.001 20.16a1.001 1.001 0 0 1-.626-1.781c.218-.175 5.418-4.259 12.767-3.208a1 1 0 1 1-.283 1.979c-6.493-.922-11.187 2.754-11.233 2.791a.999.999 0 0 1-.625.219z\\"/><path fill=\\"#77B255\\" d=\\"M5.754 16a1 1 0 0 1-.958-1.287c1.133-3.773 2.16-9.794.898-11.364c-.141-.178-.354-.353-.842-.316c-.938.072-.849 2.051-.848 2.071a1 1 0 1 1-1.994.149c-.103-1.379.326-4.035 2.692-4.214c1.056-.08 1.933.287 2.552 1.057c2.371 2.951-.036 11.506-.542 13.192a1 1 0 0 1-.958.712z\\"/><circle fill=\\"#5C913B\\" cx=\\"25.5\\" cy=\\"9.5\\" r=\\"1.5\\"/><circle fill=\\"#9266CC\\" cx=\\"2\\" cy=\\"18\\" r=\\"2\\"/><circle fill=\\"#5C913B\\" cx=\\"32.5\\" cy=\\"19.5\\" r=\\"1.5\\"/><circle fill=\\"#5C913B\\" cx=\\"23.5\\" cy=\\"31.5\\" r=\\"1.5\\"/><circle fill=\\"#FFCC4D\\" cx=\\"28\\" cy=\\"4\\" r=\\"2\\"/><circle fill=\\"#FFCC4D\\" cx=\\"32.5\\" cy=\\"8.5\\" r=\\"1.5\\"/><circle fill=\\"#FFCC4D\\" cx=\\"29.5\\" cy=\\"12.5\\" r=\\"1.5\\"/><circle fill=\\"#FFCC4D\\" cx=\\"7.5\\" cy=\\"23.5\\" r=\\"1.5\\"/>",
          "height": 36,
          "width": 36,
        }
      }
      inline={true}
      width="40"
    />
     Vous êtes bien connectés à LexImpact IR 
  </h1>
  <p
    className="LoginPopinComponent-pStyle-3"
  >
    Vous pouvez désormais
    <b>
       simuler les impacts macros 
    </b>
    d’une réforme
    <br />
    sur la population 
    <Icon
      icon={
        Object {
          "body": "<path fill=\\"#FFDC5D\\" d=\\"M18.154 26.76c.271.091.487-.159.586-.302c.279-.405.422-1.309.004-2.227c-.423-.927-.702-2.072-1.69-3.821c-.115-.204-.494-2.746-1.242-4.354c-.202-.435-1.495-.684-2.009-.529c-.513.154.005.98.037 1.134c.344 1.651 1.305 4.077 1.45 4.404c.8 1.806 1.965 2.389 2.071 3.706c.055.69.205 1.286.6 1.228c.092.352.093.728.193.761zm-14.823.204c-.257.126-.504-.094-.62-.222c-.33-.365-.591-1.242-.296-2.208c.297-.975.424-2.146 1.174-4.01c.087-.217.129-2.787.66-4.479c.143-.457 1.392-.875 1.922-.789c.529.086.124.972.112 1.129c-.124 1.682-.758 4.213-.859 4.556c-.556 1.895-1.634 2.627-1.566 3.946c.036.692-.034 1.302-.433 1.296c-.048.363 0 .735-.094.781z\\"/><path fill=\\"#5C913B\\" d=\\"M6.488 29.5c-.5-2.734-.263-6.48-.263-6.48h7.644s.238 3.746-.262 6.48c-.063.344-.188 3.344.109 5.5c.066.479-2.886.937-2.844-.125c.078-1.969-.264-3.513-.328-4.5c-.035-.547-.25-1.875-.344-3.208c-.011-.018-.295-.018-.306 0c-.094 1.333-.308 2.661-.344 3.208c-.064.987-.406 2.531-.328 4.5c.042 1.062-2.91.604-2.844.125c.297-2.156.172-5.156.11-5.5z\\"/><path fill=\\"#292F33\\" d=\\"M5.503 36c-.499-.406.041-1.161 1.42-1.402c1.163-.203 2.2-.032 2.363.35c.212.493.05 1.052.05 1.052H5.503zm9.117 0c.499-.406-.041-1.161-1.42-1.402c-1.163-.203-2.2-.032-2.363.35c-.212.493-.05 1.052-.05 1.052h3.833z\\"/><path fill=\\"#99AAB5\\" d=\\"M5.246 14.766C6.465 14 8.043 14 8.043 14h4s1.578 0 2.797.766c1.201.754 1.656 3 1.656 3l-2.373.688l-.105 5.527h-7.95l-.105-5.527l-2.373-.688s.455-2.246 1.656-3z\\"/><path fill=\\"#FFAC33\\" d=\\"M12.217.49C11.114.133 8.519.23 7.87 1.074c-1.687.032-3.666 1.557-3.926 3.569c-.257 1.991.316 2.915.519 4.412c.231 1.696 1.184 2.239 1.947 2.466c1.097 1.449 2.263 1.387 4.22 1.387c3.823 0 5.644-2.558 5.805-6.902c.097-2.629-1.445-4.619-4.218-5.516z\\"/><path fill=\\"#FFDC5D\\" d=\\"M8.446 11.599v2.458c0 .905.688 2.72 1.638 2.72s1.638-1.815 1.638-2.72v-2.458H8.446z\\"/><path fill=\\"#F9CA55\\" d=\\"M8.446 13.716c.498.563.965.704 1.637.704c.671 0 1.142-.142 1.64-.704v-.666H8.446v.666z\\"/><path fill=\\"#FFDC5D\\" d=\\"M14.403 6.191c-.37-.512-.843-.925-1.882-1.071c.389.178.762.795.811 1.135c.049.341.097.616-.211.276c-1.235-1.365-2.579-.827-3.912-1.661c-.93-.582-1.213-1.226-1.213-1.226s-.114.86-1.525 1.736c-.409.254-.897.819-1.168 1.655c-.195.6-.134 1.136-.134 2.05c0 2.67 2.201 4.915 4.915 4.915s4.915-2.265 4.915-4.915c0-1.661-.174-2.31-.596-2.894z\\"/><path fill=\\"#C1694F\\" d=\\"M12 12H8s0 1 2 1s2-1 2-1z\\"/><circle fill=\\"#662113\\" cx=\\"7.5\\" cy=\\"8.5\\" r=\\".5\\"/><circle fill=\\"#662113\\" cx=\\"12.5\\" cy=\\"8.5\\" r=\\".5\\"/><path fill=\\"#C1694F\\" d=\\"M9 10h2s0 1-1 1s-1-1-1-1z\\"/><path fill=\\"#FFDC5D\\" d=\\"M18.074 26.76c-.271.091-.487-.159-.586-.302c-.279-.405-.422-1.309-.004-2.227c.423-.927.702-2.072 1.69-3.821c.115-.204.494-2.746 1.242-4.354c.202-.435 1.495-.684 2.009-.529c.513.154-.005.98-.037 1.134c-.344 1.651-1.305 4.077-1.45 4.404c-.8 1.806-1.965 2.389-2.071 3.706c-.055.69-.205 1.286-.6 1.228c-.093.352-.094.728-.193.761zm14.595.204c.257.126.504-.094.62-.222c.33-.365.591-1.242.296-2.208c-.297-.975-.424-2.146-1.174-4.01c-.087-.217-.129-2.787-.66-4.479c-.143-.457-1.392-.875-1.922-.789c-.529.086-.124.972-.112 1.129c.124 1.682.758 4.213.859 4.556c.556 1.895 1.634 2.627 1.566 3.946c-.036.692.034 1.302.433 1.296c.048.363 0 .735.094.781z\\"/><path fill=\\"#4289C1\\" d=\\"M29.512 29.5c.5-2.734.263-6.48.263-6.48h-7.644s-.238 3.746.262 6.48c.063.344.188 3.344-.109 5.5c-.066.479 2.886.937 2.844-.125c-.078-1.969.264-3.513.328-4.5c.035-.547.25-1.875.344-3.208c.011-.018.295-.018.306 0c.094 1.333.308 2.661.344 3.208c.064.987.406 2.531.328 4.5c-.042 1.062 2.91.604 2.844.125c-.297-2.156-.172-5.156-.11-5.5z\\"/><path fill=\\"#292F33\\" d=\\"M30.497 36c.499-.406-.041-1.161-1.42-1.402c-1.163-.203-2.2-.032-2.363.35c-.212.493-.05 1.052-.05 1.052h3.833zm-9.117 0c-.499-.406.041-1.161 1.42-1.402c1.163-.203 2.2-.032 2.363.35c.212.494.05 1.053.05 1.053L21.38 36z\\"/><path fill=\\"#FA743E\\" d=\\"M30.754 14.766C29.535 14 27.957 14 27.957 14h-4s-1.578 0-2.797.766c-1.201.754-1.656 3-1.656 3l2.373.688l.105 5.527h7.95l.105-5.527l2.373-.688s-.455-2.246-1.656-3z\\"/><path fill=\\"#FFAC33\\" d=\\"M28.015.49c-1.103-.357-3.699-.26-4.347.584c-1.687.032-3.666 1.557-3.926 3.569c-.257 1.991.316 2.915.519 4.412c.231 1.696 1.184 2.239 1.947 2.466c1.097 1.449 2.263 1.387 4.22 1.387c3.823 0 5.644-2.558 5.805-6.902c.097-2.629-1.445-4.619-4.218-5.516z\\"/><path fill=\\"#FFDC5D\\" d=\\"M24.239 11.599v2.458c0 .905.688 2.72 1.638 2.72s1.638-1.815 1.638-2.72v-2.458h-3.276z\\"/><path fill=\\"#F9CA55\\" d=\\"M24.24 13.716c.498.563.965.704 1.637.704c.671 0 1.142-.142 1.64-.704v-.666H24.24v.666z\\"/><path fill=\\"#FFDC5D\\" d=\\"M30.201 6.191c-.37-.512-.844-.925-1.882-1.071c.389.178.762.795.811 1.135c.049.341.097.616-.211.276c-1.235-1.365-2.579-.827-3.912-1.661c-.931-.582-1.214-1.226-1.214-1.226s-.114.86-1.525 1.736c-.409.254-.897.819-1.168 1.655c-.195.6-.134 1.136-.134 2.05c0 2.67 2.201 4.915 4.915 4.915s4.915-2.265 4.915-4.915c.001-1.661-.173-2.31-.595-2.894z\\"/><path fill=\\"#C1694F\\" d=\\"M28 12h-4s0 1 2 1s2-1 2-1z\\"/><circle fill=\\"#662113\\" cx=\\"23.5\\" cy=\\"8.5\\" r=\\".5\\"/><circle fill=\\"#662113\\" cx=\\"28.5\\" cy=\\"8.5\\" r=\\".5\\"/><path fill=\\"#C1694F\\" d=\\"M25 10h2s0 1-1 1s-1-1-1-1z\\"/>",
          "height": 36,
          "width": 36,
        }
      }
      inline={true}
      width="25"
    />
     et les recettes de l’État 
    <Icon
      icon={
        Object {
          "body": "<path fill=\\"#292F33\\" d=\\"M7 11h22v18H7z\\"/><path fill=\\"#CCD6DD\\" d=\\"M8 29c0 1.104-.597 2-1.333 2H5.333C4.597 31 4 30.104 4 29V11c0-1.104.597-2 1.333-2h1.333C7.403 9 8 9.896 8 11v18zm24 0c0 1.104-.597 2-1.333 2h-1.334C28.597 31 28 30.104 28 29V11c0-1.104.597-2 1.333-2h1.334C31.403 9 32 9.896 32 11v18zm-16 0c0 1.104-.597 2-1.333 2h-1.333C12.597 31 12 30.104 12 29V11c0-1.104.597-2 1.333-2h1.333C15.403 9 16 9.896 16 11v18zm8 0c0 1.104-.598 2-1.334 2h-1.332C20.598 31 20 30.104 20 29V11c0-1.104.598-2 1.334-2h1.332C23.402 9 24 9.896 24 11v18z\\"/><path fill=\\"#9AAAB4\\" d=\\"M33 30a2 2 0 0 1-2 2H5a2 2 0 0 1 0-4h26a2 2 0 0 1 2 2z\\"/><path fill=\\"#CCD6DD\\" d=\\"M35 32a2 2 0 0 1-2 2H3a2 2 0 0 1 0-4h30a2 2 0 0 1 2 2z\\"/><path fill=\\"#E1E8ED\\" d=\\"M36 33.5a1.5 1.5 0 0 1-1.5 1.5h-33a1.5 1.5 0 1 1 0-3h33a1.5 1.5 0 0 1 1.5 1.5z\\"/><path fill=\\"#9AAAB4\\" d=\\"M33 10c0-1.104-.956-2-2.133-2H5c-1.179 0-2 .896-2 2c0 .751.386 1.398 1 1.74V13h4v-1h4v1h4v-1h4v1h4v-1h4v1h4v-1.312c.599-.354 1-.975 1-1.688z\\"/><path fill=\\"#CCD6DD\\" d=\\"M2 8.444C2 7.413 3.012 7 3.012 7l14.904-7l15.047 7S34 7.231 34 8.45V9H2v-.556z\\"/><path fill=\\"#9AAAB4\\" d=\\"M18 2.542S7.681 7.407 6.65 7.844C5.619 8.281 5.964 9 6.651 9h22.646c1.062 0 .812-.812-.031-1.25C28.422 7.312 18 2.542 18 2.542z\\"/><path fill=\\"#CCD6DD\\" d=\\"M34 9a1 1 0 0 1-1 1H3a1 1 0 0 1 0-2l30 .006c.553 0 1 .442 1 .994z\\"/>",
          "height": 36,
          "width": 36,
        }
      }
      inline={true}
      width="25"
    />
    <span>
      .
    </span>
  </p>
</div>
`;
