// Jest Snapshot v1, https://goo.gl/fbAQLP

exports[`components | connexion | email-input snapshot doit correspondre avec les props requises 1`] = `
<EmailTextInput
  classes={
    Object {
      "fieldsContainer": "EmailTextInput-fieldsContainer-1",
      "formGroup": "EmailTextInput-formGroup-2",
      "formLabel": "EmailTextInput-formLabel-3",
      "inputContainer": "EmailTextInput-inputContainer-4",
      "inputField": "EmailTextInput-inputField-5",
      "inputRoot": "EmailTextInput-inputRoot-6",
      "selectRoot": "EmailTextInput-selectRoot-7",
    }
  }
  domains={
    Array [
      "@any-domain",
    ]
  }
/>
`;
