// Jest Snapshot v1, https://goo.gl/fbAQLP

exports[`components | connexion | roles-input snapshot doit correspondre avec les props requises 1`] = `
<RolesInput
  classes={
    Object {
      "formControl": "RolesInput-formControl-1",
      "formLegend": "RolesInput-formLegend-2",
      "formLegendAsterisk": "RolesInput-formLegendAsterisk-3",
      "radioGroup": "RolesInput-radioGroup-4",
      "radioItem": "RolesInput-radioItem-5",
      "radioLabel": "RolesInput-radioLabel-6",
      "radioWrapper": "RolesInput-radioWrapper-7",
    }
  }
  defaultValue="depute"
  roles={
    Object {
      "admin": Object {
        "default": false,
        "disabled": false,
        "domains": Array [
          "@assemblee-nationale.fr",
          "@an.fr",
        ],
        "label": "Administrat·eur·rice Assemblée nationale",
      },
      "collab": Object {
        "default": false,
        "disabled": false,
        "domains": Array [
          "@clb-an.fr",
          "@clb-dep.fr",
          "@assemblee-nationale.fr",
          "@an.fr",
          "@groupe-udiagir.fr",
          "@an-en-marche.fr",
          "@gsan.org",
        ],
        "label": "Collaborat·eur·rice Assemblée nationale",
      },
      "depute": Object {
        "default": true,
        "disabled": false,
        "domains": Array [
          "@assemblee-nationale.fr",
          "@an.fr",
        ],
        "label": "Député·e",
      },
      "senat": Object {
        "default": false,
        "disabled": true,
        "domains": Array [],
        "label": "Sénat·eur·rice",
      },
      "senatadmin": Object {
        "default": false,
        "disabled": false,
        "domains": Array [
          "@senat.fr",
          "@republicains.senat.fr",
          "@soc.senat.fr",
          "@uc.senat.fr",
          "@rdse.senat.fr",
          "@lrem.senat.fr",
        ],
        "label": "Administrat·eur·rice Sénat",
      },
      "senatcollab": Object {
        "default": false,
        "disabled": true,
        "domains": Array [],
        "label": "Collaborat·eur·rice Sénat",
      },
    }
  }
/>
`;
